Processing file: /home/ym99/yusufm99/py-mmcif/benchmarks/results/bcif_speed_full_confirmation_streaming/outputs/all_exact_repeat/MA_MAASFVASFVG001.bcif
OK
Processing file: /home/ym99/yusufm99/py-mmcif/benchmarks/results/bcif_speed_full_confirmation_streaming/outputs/all_exact_repeat/1UR6.bcif
OK
Processing file: /home/ym99/yusufm99/py-mmcif/benchmarks/results/bcif_speed_full_confirmation_streaming/outputs/all_exact_repeat/2XKM.bcif
OK
Processing file: /home/ym99/yusufm99/py-mmcif/benchmarks/results/bcif_speed_full_confirmation_streaming/outputs/all_exact_repeat/MA_MAORNLSPHDIV00001.bcif
OK
Processing file: /home/ym99/yusufm99/py-mmcif/benchmarks/results/bcif_speed_full_confirmation_streaming/outputs/all_exact_repeat/9AAO.bcif
OK
Processing file: /home/ym99/yusufm99/py-mmcif/benchmarks/results/bcif_speed_full_confirmation_streaming/outputs/all_exact_repeat/1RMN.bcif
OK
Processing file: /home/ym99/yusufm99/py-mmcif/benchmarks/results/bcif_speed_full_confirmation_streaming/outputs/all_exact_repeat/6VC1.bcif
OK
Processing file: /home/ym99/yusufm99/py-mmcif/benchmarks/results/bcif_speed_full_confirmation_streaming/outputs/all_exact_repeat/8ZZ1.bcif
OK
Processing file: /home/ym99/yusufm99/py-mmcif/benchmarks/results/bcif_speed_full_confirmation_streaming/outputs/all_exact_repeat/9QW5.bcif
OK
Processing file: /home/ym99/yusufm99/py-mmcif/benchmarks/results/bcif_speed_full_confirmation_streaming/outputs/all_exact_repeat/9O5G.bcif
OK
Processing file: /home/ym99/yusufm99/py-mmcif/benchmarks/results/bcif_speed_full_confirmation_streaming/outputs/all_exact_repeat/9A25.bcif
OK
Processing file: /home/ym99/yusufm99/py-mmcif/benchmarks/results/bcif_speed_full_confirmation_streaming/outputs/all_exact_repeat/MA_MAT3VR3003.bcif
OK
Processing file: /home/ym99/yusufm99/py-mmcif/benchmarks/results/bcif_speed_full_confirmation_streaming/outputs/all_exact_repeat/7ART.bcif
OK
Processing file: /home/ym99/yusufm99/py-mmcif/benchmarks/results/bcif_speed_full_confirmation_streaming/outputs/all_exact_repeat/11TG.bcif
OK
Processing file: /home/ym99/yusufm99/py-mmcif/benchmarks/results/bcif_speed_full_confirmation_streaming/outputs/all_exact_repeat/10DK.bcif
OK
Processing file: /home/ym99/yusufm99/py-mmcif/benchmarks/results/bcif_speed_full_confirmation_streaming/outputs/all_exact_repeat/9A8K.bcif
OK
Processing file: /home/ym99/yusufm99/py-mmcif/benchmarks/results/bcif_speed_full_confirmation_streaming/outputs/all_exact_repeat/9HH6.bcif
OK
Processing file: /home/ym99/yusufm99/py-mmcif/benchmarks/results/bcif_speed_full_confirmation_streaming/outputs/all_exact_repeat/9A1G.bcif
OK
Processing file: /home/ym99/yusufm99/py-mmcif/benchmarks/results/bcif_speed_full_confirmation_streaming/outputs/all_exact_repeat/9A8M.bcif
OK
Processing file: /home/ym99/yusufm99/py-mmcif/benchmarks/results/bcif_speed_full_confirmation_streaming/outputs/all_exact_repeat/3HQV.bcif
OK
Processing file: /home/ym99/yusufm99/py-mmcif/benchmarks/results/bcif_speed_full_confirmation_streaming/outputs/all_exact_repeat/8ZZI.bcif
OK
Processing file: /home/ym99/yusufm99/py-mmcif/benchmarks/results/bcif_speed_full_confirmation_streaming/outputs/all_exact_repeat/3PDM.bcif
OK
Processing file: /home/ym99/yusufm99/py-mmcif/benchmarks/results/bcif_speed_full_confirmation_streaming/outputs/all_exact_repeat/9A01.bcif
OK
Processing file: /home/ym99/yusufm99/py-mmcif/benchmarks/results/bcif_speed_full_confirmation_streaming/outputs/all_exact_repeat/3IFX.bcif
OK
Processing file: /home/ym99/yusufm99/py-mmcif/benchmarks/results/bcif_speed_full_confirmation_streaming/outputs/all_exact_repeat/1SSZ.bcif
OK
Processing file: /home/ym99/yusufm99/py-mmcif/benchmarks/results/bcif_speed_full_confirmation_streaming/outputs/all_exact_repeat/12GB.bcif
OK
Processing file: /home/ym99/yusufm99/py-mmcif/benchmarks/results/bcif_speed_full_confirmation_streaming/outputs/all_exact_repeat/AF_AFA0A017SEY2F1.bcif
OK
Processing file: /home/ym99/yusufm99/py-mmcif/benchmarks/results/bcif_speed_full_confirmation_streaming/outputs/all_exact_repeat/4HHB.bcif
OK
Processing file: /home/ym99/yusufm99/py-mmcif/benchmarks/results/bcif_speed_full_confirmation_streaming/outputs/all_exact_repeat/11BJ.bcif
OK
Processing file: /home/ym99/yusufm99/py-mmcif/benchmarks/results/bcif_speed_full_confirmation_streaming/outputs/all_exact_repeat/2LGI.bcif
OK
Processing file: /home/ym99/yusufm99/py-mmcif/benchmarks/results/bcif_speed_full_confirmation_streaming/outputs/all_exact_repeat/3J3Q.bcif
OK
Processing file: /home/ym99/yusufm99/py-mmcif/benchmarks/results/bcif_speed_full_confirmation_streaming/outputs/all_exact_repeat/MA_MABAKCEPC0001.bcif
OK
Processing file: /home/ym99/yusufm99/py-mmcif/benchmarks/results/bcif_speed_full_confirmation_streaming/outputs/all_exact_repeat/MA_MACOFFESLACC100000G1I1.bcif
OK
Processing file: /home/ym99/yusufm99/py-mmcif/benchmarks/results/bcif_speed_full_confirmation_streaming/outputs/all_exact_repeat/2BVK.bcif
OK
Processing file: /home/ym99/yusufm99/py-mmcif/benchmarks/results/bcif_speed_full_confirmation_streaming/outputs/all_exact_repeat/4BTS.bcif
OK
Processing file: /home/ym99/yusufm99/py-mmcif/benchmarks/results/bcif_speed_full_confirmation_streaming/outputs/all_exact_repeat/AF_AFA0A017SQ41F1.bcif
OK
Processing file: /home/ym99/yusufm99/py-mmcif/benchmarks/results/bcif_speed_full_confirmation_streaming/outputs/all_exact_repeat/11HB.bcif
OK
