Processing file: /home/ym99/yusufm99/py-mmcif/benchmarks/results/bcif_speed_full_confirmation_streaming/outputs/pr_current/MA_MAASFVASFVG001.bcif
OK
Processing file: /home/ym99/yusufm99/py-mmcif/benchmarks/results/bcif_speed_full_confirmation_streaming/outputs/pr_current/1UR6.bcif
OK
Processing file: /home/ym99/yusufm99/py-mmcif/benchmarks/results/bcif_speed_full_confirmation_streaming/outputs/pr_current/2XKM.bcif
OK
Processing file: /home/ym99/yusufm99/py-mmcif/benchmarks/results/bcif_speed_full_confirmation_streaming/outputs/pr_current/MA_MAORNLSPHDIV00001.bcif
OK
Processing file: /home/ym99/yusufm99/py-mmcif/benchmarks/results/bcif_speed_full_confirmation_streaming/outputs/pr_current/9AAO.bcif
OK
Processing file: /home/ym99/yusufm99/py-mmcif/benchmarks/results/bcif_speed_full_confirmation_streaming/outputs/pr_current/1RMN.bcif
OK
Processing file: /home/ym99/yusufm99/py-mmcif/benchmarks/results/bcif_speed_full_confirmation_streaming/outputs/pr_current/6VC1.bcif
OK
Processing file: /home/ym99/yusufm99/py-mmcif/benchmarks/results/bcif_speed_full_confirmation_streaming/outputs/pr_current/8ZZ1.bcif
OK
Processing file: /home/ym99/yusufm99/py-mmcif/benchmarks/results/bcif_speed_full_confirmation_streaming/outputs/pr_current/9QW5.bcif
OK
Processing file: /home/ym99/yusufm99/py-mmcif/benchmarks/results/bcif_speed_full_confirmation_streaming/outputs/pr_current/9O5G.bcif
OK
Processing file: /home/ym99/yusufm99/py-mmcif/benchmarks/results/bcif_speed_full_confirmation_streaming/outputs/pr_current/9A25.bcif
OK
Processing file: /home/ym99/yusufm99/py-mmcif/benchmarks/results/bcif_speed_full_confirmation_streaming/outputs/pr_current/MA_MAT3VR3003.bcif
OK
Processing file: /home/ym99/yusufm99/py-mmcif/benchmarks/results/bcif_speed_full_confirmation_streaming/outputs/pr_current/7ART.bcif
OK
Processing file: /home/ym99/yusufm99/py-mmcif/benchmarks/results/bcif_speed_full_confirmation_streaming/outputs/pr_current/11TG.bcif
OK
Processing file: /home/ym99/yusufm99/py-mmcif/benchmarks/results/bcif_speed_full_confirmation_streaming/outputs/pr_current/10DK.bcif
OK
Processing file: /home/ym99/yusufm99/py-mmcif/benchmarks/results/bcif_speed_full_confirmation_streaming/outputs/pr_current/9A8K.bcif
OK
Processing file: /home/ym99/yusufm99/py-mmcif/benchmarks/results/bcif_speed_full_confirmation_streaming/outputs/pr_current/9HH6.bcif
OK
Processing file: /home/ym99/yusufm99/py-mmcif/benchmarks/results/bcif_speed_full_confirmation_streaming/outputs/pr_current/9A1G.bcif
OK
Processing file: /home/ym99/yusufm99/py-mmcif/benchmarks/results/bcif_speed_full_confirmation_streaming/outputs/pr_current/9A8M.bcif
OK
Processing file: /home/ym99/yusufm99/py-mmcif/benchmarks/results/bcif_speed_full_confirmation_streaming/outputs/pr_current/3HQV.bcif
OK
Processing file: /home/ym99/yusufm99/py-mmcif/benchmarks/results/bcif_speed_full_confirmation_streaming/outputs/pr_current/8ZZI.bcif
OK
Processing file: /home/ym99/yusufm99/py-mmcif/benchmarks/results/bcif_speed_full_confirmation_streaming/outputs/pr_current/3PDM.bcif
OK
Processing file: /home/ym99/yusufm99/py-mmcif/benchmarks/results/bcif_speed_full_confirmation_streaming/outputs/pr_current/9A01.bcif
OK
Processing file: /home/ym99/yusufm99/py-mmcif/benchmarks/results/bcif_speed_full_confirmation_streaming/outputs/pr_current/3IFX.bcif
OK
Processing file: /home/ym99/yusufm99/py-mmcif/benchmarks/results/bcif_speed_full_confirmation_streaming/outputs/pr_current/1SSZ.bcif
OK
Processing file: /home/ym99/yusufm99/py-mmcif/benchmarks/results/bcif_speed_full_confirmation_streaming/outputs/pr_current/12GB.bcif
OK
Processing file: /home/ym99/yusufm99/py-mmcif/benchmarks/results/bcif_speed_full_confirmation_streaming/outputs/pr_current/AF_AFA0A017SEY2F1.bcif
OK
Processing file: /home/ym99/yusufm99/py-mmcif/benchmarks/results/bcif_speed_full_confirmation_streaming/outputs/pr_current/4HHB.bcif
OK
Processing file: /home/ym99/yusufm99/py-mmcif/benchmarks/results/bcif_speed_full_confirmation_streaming/outputs/pr_current/11BJ.bcif
OK
Processing file: /home/ym99/yusufm99/py-mmcif/benchmarks/results/bcif_speed_full_confirmation_streaming/outputs/pr_current/2LGI.bcif
OK
Processing file: /home/ym99/yusufm99/py-mmcif/benchmarks/results/bcif_speed_full_confirmation_streaming/outputs/pr_current/3J3Q.bcif
OK
Processing file: /home/ym99/yusufm99/py-mmcif/benchmarks/results/bcif_speed_full_confirmation_streaming/outputs/pr_current/MA_MABAKCEPC0001.bcif
OK
Processing file: /home/ym99/yusufm99/py-mmcif/benchmarks/results/bcif_speed_full_confirmation_streaming/outputs/pr_current/MA_MACOFFESLACC100000G1I1.bcif
OK
Processing file: /home/ym99/yusufm99/py-mmcif/benchmarks/results/bcif_speed_full_confirmation_streaming/outputs/pr_current/2BVK.bcif
OK
Processing file: /home/ym99/yusufm99/py-mmcif/benchmarks/results/bcif_speed_full_confirmation_streaming/outputs/pr_current/4BTS.bcif
OK
Processing file: /home/ym99/yusufm99/py-mmcif/benchmarks/results/bcif_speed_full_confirmation_streaming/outputs/pr_current/AF_AFA0A017SQ41F1.bcif
OK
Processing file: /home/ym99/yusufm99/py-mmcif/benchmarks/results/bcif_speed_full_confirmation_streaming/outputs/pr_current/11HB.bcif
OK
